Archive member included to satisfy reference by file (symbol)

c:/program files (x86)/atollic/truestudio for stm32 9.2.0/armtools/bin/../lib/gcc/arm-atollic-eabi/6.3.1/../../../../arm-atollic-eabi/lib/armv7e-m/fpu\libc_nano.a(lib_a-init.o)
                              Application\TrueSTUDIO\startup_stm32f303xe.o (__libc_init_array)
c:/program files (x86)/atollic/truestudio for stm32 9.2.0/armtools/bin/../lib/gcc/arm-atollic-eabi/6.3.1/armv7e-m/fpu\libgcc.a(_lshrdi3.o)
                              Drivers\STM32F3xx_HAL_Driver\stm32f3xx_hal_flash.o (__aeabi_llsr)
c:/program files (x86)/atollic/truestudio for stm32 9.2.0/armtools/bin/../lib/gcc/arm-atollic-eabi/6.3.1/armv7e-m/fpu\libgcc.a(_arm_addsubdf3.o)
                              Application\User\main.o (__aeabi_dadd)
c:/program files (x86)/atollic/truestudio for stm32 9.2.0/armtools/bin/../lib/gcc/arm-atollic-eabi/6.3.1/armv7e-m/fpu\libgcc.a(_arm_muldivdf3.o)
                              Application\User\main.o (__aeabi_dmul)
c:/program files (x86)/atollic/truestudio for stm32 9.2.0/armtools/bin/../lib/gcc/arm-atollic-eabi/6.3.1/armv7e-m/fpu\libgcc.a(_arm_cmpdf2.o)
                              Application\User\main.o (__aeabi_dcmpgt)
c:/program files (x86)/atollic/truestudio for stm32 9.2.0/armtools/bin/../lib/gcc/arm-atollic-eabi/6.3.1/armv7e-m/fpu\libgcc.a(_arm_truncdfsf2.o)
                              Application\User\main.o (__aeabi_d2f)

Allocating common symbols
Common symbol       size              file

odleglosc2          0x4               Application\User\main.o
hi2c1               0x4c              Application\User\main.o
htim17              0x40              Application\User\main.o
uwTick              0x4               Drivers\STM32F3xx_HAL_Driver\stm32f3xx_hal.o
whoami              0x1               Application\User\main.o
pFlash              0x20              Drivers\STM32F3xx_HAL_Driver\stm32f3xx_hal_flash.o
dystans3            0x4               Application\User\main.o
odleglosc3          0x4               Application\User\main.o
Xw                  0x4               Application\User\main.o
time1               0x4               Application\User\main.o
htim6               0x40              Application\User\main.o
dystans1            0x4               Application\User\main.o
odleglosc1          0x4               Application\User\main.o
dystans2            0x4               Application\User\main.o
time3               0x4               Application\User\main.o
htim2               0x40              Application\User\main.o
huart2              0x70              Application\User\main.o
htim16              0x40              Application\User\main.o
time2               0x4               Application\User\main.o
htim7               0x40              Application\User\main.o

Discarded input sections

 .text          0x00000000        0x0 c:/program files (x86)/atollic/truestudio for stm32 9.2.0/armtools/bin/../lib/gcc/arm-atollic-eabi/6.3.1/armv7e-m/fpu/crti.o
 .data          0x00000000        0x0 c:/program files (x86)/atollic/truestudio for stm32 9.2.0/armtools/bin/../lib/gcc/arm-atollic-eabi/6.3.1/armv7e-m/fpu/crti.o
 .bss           0x00000000        0x0 c:/program files (x86)/atollic/truestudio for stm32 9.2.0/armtools/bin/../lib/gcc/arm-atollic-eabi/6.3.1/armv7e-m/fpu/crti.o
 .data          0x00000000        0x4 c:/program files (x86)/atollic/truestudio for stm32 9.2.0/armtools/bin/../lib/gcc/arm-atollic-eabi/6.3.1/armv7e-m/fpu/crtbegin.o
 .text          0x00000000       0x14 Application\TrueSTUDIO\startup_stm32f303xe.o
 .data          0x00000000        0x0 Application\TrueSTUDIO\startup_stm32f303xe.o
 .bss           0x00000000        0x0 Application\TrueSTUDIO\startup_stm32f303xe.o
 .text          0x00000000        0x0 Application\User\main.o
 .data          0x00000000        0x0 Application\User\main.o
 .bss           0x00000000        0x0 Application\User\main.o
 .text._Error_Handler
                0x00000000        0x2 Application\User\main.o
 .bss.right     0x00000000        0x4 Application\User\main.o
 .data.pomiary  0x00000000        0x4 Application\User\main.o
 .text          0x00000000        0x0 Application\User\stm32f3xx_hal_msp.o
 .data          0x00000000        0x0 Application\User\stm32f3xx_hal_msp.o
 .bss           0x00000000        0x0 Application\User\stm32f3xx_hal_msp.o
 .text.HAL_I2C_MspDeInit
                0x00000000       0x3c Application\User\stm32f3xx_hal_msp.o
 .text.HAL_TIM_Base_MspDeInit
                0x00000000       0x84 Application\User\stm32f3xx_hal_msp.o
 .text.HAL_UART_MspDeInit
                0x00000000       0x28 Application\User\stm32f3xx_hal_msp.o
 .text          0x00000000        0x0 Application\User\stm32f3xx_it.o
 .data          0x00000000        0x0 Application\User\stm32f3xx_it.o
 .bss           0x00000000        0x0 Application\User\stm32f3xx_it.o
 .text          0x00000000        0x0 Drivers\CMSIS\system_stm32f3xx.o
[...]
Memory Configuration

Name             Origin             Length             Attributes
RAM              0x20000000         0x00010000         xrw
CCMRAM           0x10000000         0x00004000         rw
FLASH            0x08000000         0x00080000         xr
*default*        0x00000000         0xffffffff

Linker script and memory map

LOAD c:/program files (x86)/atollic/truestudio for stm32 9.2.0/armtools/bin/../lib/gcc/arm-atollic-eabi/6.3.1/armv7e-m/fpu/crti.o
LOAD c:/program files (x86)/atollic/truestudio for stm32 9.2.0/armtools/bin/../lib/gcc/arm-atollic-eabi/6.3.1/armv7e-m/fpu/crtbegin.o
LOAD Application\TrueSTUDIO\startup_stm32f303xe.o
LOAD Application\User\main.o
LOAD Application\User\stm32f3xx_hal_msp.o
LOAD Application\User\stm32f3xx_it.o
LOAD Drivers\CMSIS\system_stm32f3xx.o
LOAD Drivers\STM32F3xx_HAL_Driver\stm32f3xx_hal.o
LOAD Drivers\STM32F3xx_HAL_Driver\stm32f3xx_hal_cortex.o
LOAD Drivers\STM32F3xx_HAL_Driver\stm32f3xx_hal_dma.o
LOAD Drivers\STM32F3xx_HAL_Driver\stm32f3xx_hal_flash.o
LOAD Drivers\STM32F3xx_HAL_Driver\stm32f3xx_hal_flash_ex.o
LOAD Drivers\STM32F3xx_HAL_Driver\stm32f3xx_hal_gpio.o
LOAD Drivers\STM32F3xx_HAL_Driver\stm32f3xx_hal_i2c.o
LOAD Drivers\STM32F3xx_HAL_Driver\stm32f3xx_hal_i2c_ex.o
LOAD Drivers\STM32F3xx_HAL_Driver\stm32f3xx_hal_pwr.o
LOAD Drivers\STM32F3xx_HAL_Driver\stm32f3xx_hal_pwr_ex.o
LOAD Drivers\STM32F3xx_HAL_Driver\stm32f3xx_hal_rcc.o
LOAD Drivers\STM32F3xx_HAL_Driver\stm32f3xx_hal_rcc_ex.o
LOAD Drivers\STM32F3xx_HAL_Driver\stm32f3xx_hal_tim.o
LOAD Drivers\STM32F3xx_HAL_Driver\stm32f3xx_hal_tim_ex.o
LOAD Drivers\STM32F3xx_HAL_Driver\stm32f3xx_hal_uart.o
LOAD Drivers\STM32F3xx_HAL_Driver\stm32f3xx_hal_uart_ex.o
                0x00000080                malloc_getpagesize_P = 0x80
START GROUP
LOAD c:/program files (x86)/atollic/truestudio for stm32 9.2.0/armtools/bin/../lib/gcc/arm-atollic-eabi/6.3.1/../../../../arm-atollic-eabi/lib/armv7e-m/fpu\libc_nano.a
LOAD c:/program files (x86)/atollic/truestudio for stm32 9.2.0/armtools/bin/../lib/gcc/arm-atollic-eabi/6.3.1/../../../../arm-atollic-eabi/lib/armv7e-m/fpu\libm.a
END GROUP
START GROUP
LOAD c:/program files (x86)/atollic/truestudio for stm32 9.2.0/armtools/bin/../lib/gcc/arm-atollic-eabi/6.3.1/armv7e-m/fpu\libgcc.a
LOAD c:/program files (x86)/atollic/truestudio for stm32 9.2.0/armtools/bin/../lib/gcc/arm-atollic-eabi/6.3.1/../../../../arm-atollic-eabi/lib/armv7e-m/fpu\libc_nano.a
END GROUP
START GROUP
LOAD c:/program files (x86)/atollic/truestudio for stm32 9.2.0/armtools/bin/../lib/gcc/arm-atollic-eabi/6.3.1/armv7e-m/fpu\libgcc.a
LOAD c:/program files (x86)/atollic/truestudio for stm32 9.2.0/armtools/bin/../lib/gcc/arm-atollic-eabi/6.3.1/../../../../arm-atollic-eabi/lib/armv7e-m/fpu\libc_nano.a
LOAD c:/program files (x86)/atollic/truestudio for stm32 9.2.0/armtools/bin/../lib/gcc/arm-atollic-eabi/6.3.1/../../../../arm-atollic-eabi/lib/armv7e-m/fpu\libnosys.a
END GROUP
START GROUP
LOAD c:/program files (x86)/atollic/truestudio for stm32 9.2.0/armtools/bin/../lib/gcc/arm-atollic-eabi/6.3.1/armv7e-m/fpu\libgcc.a
LOAD c:/program files (x86)/atollic/truestudio for stm32 9.2.0/armtools/bin/../lib/gcc/arm-atollic-eabi/6.3.1/../../../../arm-atollic-eabi/lib/armv7e-m/fpu\libc_nano.a
LOAD c:/program files (x86)/atollic/truestudio for stm32 9.2.0/armtools/bin/../lib/gcc/arm-atollic-eabi/6.3.1/../../../../arm-atollic-eabi/lib/armv7e-m/fpu\libnosys.a
END GROUP
LOAD c:/program files (x86)/atollic/truestudio for stm32 9.2.0/armtools/bin/../lib/gcc/arm-atollic-eabi/6.3.1/armv7e-m/fpu/crtend.o
LOAD c:/program files (x86)/atollic/truestudio for stm32 9.2.0/armtools/bin/../lib/gcc/arm-atollic-eabi/6.3.1/armv7e-m/fpu/crtn.o
                0x20010000                _estack = 0x20010000
                0x00000200                _Min_Heap_Size = 0x200
                0x00000400                _Min_Stack_Size = 0x400

.isr_vector     0x08000000      0x194
                0x08000000                . = ALIGN (0x4)
 *(.isr_vector)
 .isr_vector    0x08000000      0x194 Application\TrueSTUDIO\startup_stm32f303xe.o
                0x08000000                g_pfnVectors
                0x08000194                . = ALIGN (0x4)

.text           0x08000198     0x3774
                0x08000198                . = ALIGN (0x4)
 *(.text)
 .text          0x08000198       0x40 c:/program files (x86)/atollic/truestudio for stm32 9.2.0/armtools/bin/../lib/gcc/arm-atollic-eabi/6.3.1/armv7e-m/fpu/crtbegin.o
 .text          0x080001d8      0x370 c:/program files (x86)/atollic/truestudio for stm32 9.2.0/armtools/bin/../lib/gcc/arm-atollic-eabi/6.3.1/armv7e-m/fpu\libgcc.a(_arm_addsubdf3.o)
                0x080001d8                __aeabi_drsub
                0x080001e0                __aeabi_dsub
                0x080001e0                __subdf3
                0x080001e4                __aeabi_dadd
                0x080001e4                __adddf3
                0x0800045c                __floatunsidf
                0x0800045c                __aeabi_ui2d
                0x0800047c                __floatsidf
                0x0800047c                __aeabi_i2d
                0x080004a0                __aeabi_f2d
                0x080004a0                __extendsfdf2
                0x080004dc                __floatundidf
                0x080004dc                __aeabi_ul2d
                0x080004ec                __floatdidf
                0x080004ec                __aeabi_l2d
 .text          0x08000548      0x424 c:/program files (x86)/atollic/truestudio for stm32 9.2.0/armtools/bin/../lib/gcc/arm-atollic-eabi/6.3.1/armv7e-m/fpu\libgcc.a(_arm_muldivdf3.o)
                0x08000548                __aeabi_dmul
                0x08000548                __muldf3
                0x0800079c                __divdf3
                0x0800079c                __aeabi_ddiv
 .text          0x0800096c      0x110 c:/program files (x86)/atollic/truestudio for stm32 9.2.0/armtools/bin/../lib/gcc/arm-atollic-eabi/6.3.1/armv7e-m/fpu\libgcc.a(_arm_cmpdf2.o)
                0x0800096c                __gtdf2
                0x0800096c                __gedf2
                0x08000974                __ltdf2
                0x08000974                __ledf2
                0x0800097c                __nedf2
                0x0800097c                __eqdf2
                0x0800097c                __cmpdf2
                0x080009f8                __aeabi_cdrcmple
                0x08000a08                __aeabi_cdcmpeq
                0x08000a08                __aeabi_cdcmple
                0x08000a18                __aeabi_dcmpeq
                0x08000a2c                __aeabi_dcmplt
                0x08000a40                __aeabi_dcmple
                0x08000a54                __aeabi_dcmpge
                0x08000a68                __aeabi_dcmpgt
 .text          0x08000a7c       0xa0 c:/program files (x86)/atollic/truestudio for stm32 9.2.0/armtools/bin/../lib/gcc/arm-atollic-eabi/6.3.1/armv7e-m/fpu\libgcc.a(_arm_truncdfsf2.o)
                0x08000a7c                __truncdfsf2
                0x08000a7c                __aeabi_d2f
 *(.text*)
 .text.Reset_Handler
                0x08000b1c       0x50 Application\TrueSTUDIO\startup_stm32f303xe.o
                0x08000b1c                Reset_Handler
 .text.Default_Handler
                0x08000b6c        0x2 Application\TrueSTUDIO\startup_stm32f303xe.o
                0x08000b6c                RTC_Alarm_IRQHandler
                0x08000b6c                TIM8_TRG_COM_IRQHandler
                0x08000b6c                TIM8_CC_IRQHandler
                0x08000b6c                SPI4_IRQHandler
                0x08000b6c                TIM1_CC_IRQHandler
                0x08000b6c                USB_HP_IRQHandler
                0x08000b6c                TAMP_STAMP_IRQHandler
                0x08000b6c                I2C3_ER_IRQHandler
                0x08000b6c                USB_HP_CAN_TX_IRQHandler
                0x08000b6c                I2C2_EV_IRQHandler
                0x08000b6c                FPU_IRQHandler
                0x08000b6c                ADC1_2_IRQHandler
                0x08000b6c                SPI1_IRQHandler
                0x08000b6c                CAN_SCE_IRQHandler
                0x08000b6c                TIM8_UP_IRQHandler
                0x08000b6c                DMA2_Channel2_IRQHandler
                0x08000b6c                DMA1_Channel4_IRQHandler
                0x08000b6c                TIM20_TRG_COM_IRQHandler
                0x08000b6c                USART3_IRQHandler
                0x08000b6c                DMA1_Channel7_IRQHandler
                0x08000b6c                UART5_IRQHandler
                0x08000b6c                ADC3_IRQHandler
                0x08000b6c                TIM4_IRQHandler
                0x08000b6c                CAN_RX1_IRQHandler
                0x08000b6c                DMA2_Channel1_IRQHandler
                0x08000b6c                I2C1_EV_IRQHandler
                0x08000b6c                DMA1_Channel6_IRQHandler
                0x08000b6c                UART4_IRQHandler
                0x08000b6c                DMA2_Channel4_IRQHandler
                0x08000b6c                TIM3_IRQHandler
                0x08000b6c                RCC_IRQHandler
                0x08000b6c                TIM20_UP_IRQHandler
                0x08000b6c                DMA1_Channel1_IRQHandler
                0x08000b6c                Default_Handler
                0x08000b6c                USBWakeUp_RMP_IRQHandler
                0x08000b6c                EXTI15_10_IRQHandler
                0x08000b6c                I2C3_EV_IRQHandler
                0x08000b6c                RTC_WKUP_IRQHandler
                0x08000b6c                SPI2_IRQHandler
                0x08000b6c                USB_LP_CAN_RX0_IRQHandler
                0x08000b6c                DMA2_Channel5_IRQHandler
                0x08000b6c                DMA1_Channel5_IRQHandler
                0x08000b6c                USB_LP_IRQHandler
                0x08000b6c                EXTI4_IRQHandler
                0x08000b6c                DMA1_Channel3_IRQHandler
                0x08000b6c                ADC4_IRQHandler
                0x08000b6c                WWDG_IRQHandler
                0x08000b6c                TIM2_IRQHandler
                0x08000b6c                COMP7_IRQHandler
                0x08000b6c                COMP1_2_3_IRQHandler
                0x08000b6c                EXTI1_IRQHandler
                0x08000b6c                USART2_IRQHandler
                0x08000b6c                COMP4_5_6_IRQHandler
                0x08000b6c                TIM20_BRK_IRQHandler
                0x08000b6c                I2C2_ER_IRQHandler
                0x08000b6c                DMA1_Channel2_IRQHandler
                0x08000b6c                TIM8_BRK_IRQHandler
                0x08000b6c                FLASH_IRQHandler
                0x08000b6c                TIM20_CC_IRQHandler
                0x08000b6c                USART1_IRQHandler
                0x08000b6c                SPI3_IRQHandler
                0x08000b6c                I2C1_ER_IRQHandler
                0x08000b6c                FMC_IRQHandler
                0x08000b6c                USBWakeUp_IRQHandler
                0x08000b6c                DMA2_Channel3_IRQHandler
                0x08000b6c                EXTI2_TSC_IRQHandler
                0x08000b6c                TIM1_BRK_TIM15_IRQHandler
 *fill*         0x08000b6e        0x2 
 .text.HAL_SYSTICK_Callback
                0x08000b70      0x1b8 Application\User\main.o
                0x08000b70                HAL_SYSTICK_Callback
 .text.HAL_TIM_PeriodElapsedCallback
                0x08000d28       0x74 Application\User\main.o
                0x08000d28                HAL_TIM_PeriodElapsedCallback
 .text.HAL_GPIO_EXTI_Callback
                0x08000d9c      0x254 Application\User\main.o
                0x08000d9c                HAL_GPIO_EXTI_Callback
 .text.SystemClock_Config
                0x08000ff0       0x8c Application\User\main.o
                0x08000ff0                SystemClock_Config
 *fill*         0x0800107c        0x4 
 .text.startup.main
                0x08001080      0x404 Application\User\main.o
                0x08001080                main
 .text.HAL_MspInit
                0x08001484       0x9c Application\User\stm32f3xx_hal_msp.o
                0x08001484                HAL_MspInit
 .text.HAL_I2C_MspInit
                0x08001520       0x68 Application\User\stm32f3xx_hal_msp.o
                0x08001520                HAL_I2C_MspInit
 .text.HAL_TIM_Base_MspInit
                0x08001588       0xe0 Application\User\stm32f3xx_hal_msp.o
                0x08001588                HAL_TIM_Base_MspInit
 .text.HAL_TIM_MspPostInit
                0x08001668       0x2c Application\User\stm32f3xx_hal_msp.o
                0x08001668                HAL_TIM_MspPostInit
 .text.HAL_UART_MspInit
                0x08001694       0x48 Application\User\stm32f3xx_hal_msp.o
                0x08001694                HAL_UART_MspInit
 .text.NMI_Handler
                0x080016dc        0x2 Application\User\stm32f3xx_it.o
                0x080016dc                NMI_Handler
 .text.HardFault_Handler
                0x080016de        0x2 Application\User\stm32f3xx_it.o
                0x080016de                HardFault_Handler
 .text.MemManage_Handler
                0x080016e0        0x2 Application\User\stm32f3xx_it.o
                0x080016e0                MemManage_Handler
 .text.BusFault_Handler
                0x080016e2        0x2 Application\User\stm32f3xx_it.o
                0x080016e2                BusFault_Handler
 .text.UsageFault_Handler
                0x080016e4        0x2 Application\User\stm32f3xx_it.o
                0x080016e4                UsageFault_Handler
 .text.SVC_Handler
                0x080016e6        0x2 Application\User\stm32f3xx_it.o
                0x080016e6                SVC_Handler
 .text.DebugMon_Handler
                0x080016e8        0x2 Application\User\stm32f3xx_it.o
                0x080016e8                DebugMon_Handler
 .text.PendSV_Handler
                0x080016ea        0x2 Application\User\stm32f3xx_it.o
                0x080016ea                PendSV_Handler
 .text.SysTick_Handler
                0x080016ec        0xe Application\User\stm32f3xx_it.o
                0x080016ec                SysTick_Handler
 .text.PVD_IRQHandler
                0x080016fa        0x4 Application\User\stm32f3xx_it.o
                0x080016fa                PVD_IRQHandler
 .text.EXTI0_IRQHandler
                0x080016fe        0x6 Application\User\stm32f3xx_it.o
                0x080016fe                EXTI0_IRQHandler
 .text.EXTI3_IRQHandler
                0x08001704        0x6 Application\User\stm32f3xx_it.o
                0x08001704                EXTI3_IRQHandler
 .text.EXTI9_5_IRQHandler
                0x0800170a        0x6 Application\User\stm32f3xx_it.o
                0x0800170a                EXTI9_5_IRQHandler
 .text.TIM1_UP_TIM16_IRQHandler
                0x08001710        0xc Application\User\stm32f3xx_it.o
                0x08001710                TIM1_UP_TIM16_IRQHandler
 .text.TIM1_TRG_COM_TIM17_IRQHandler
                0x0800171c        0xc Application\User\stm32f3xx_it.o
                0x0800171c                TIM1_TRG_COM_TIM17_IRQHandler
 .text.TIM6_DAC_IRQHandler
                0x08001728        0xc Application\User\stm32f3xx_it.o
                0x08001728                TIM6_DAC_IRQHandler
 .text.TIM7_IRQHandler
                0x08001734        0xc Application\User\stm32f3xx_it.o
                0x08001734                TIM7_IRQHandler
 .text.SystemInit
                0x08001740       0x68 Drivers\CMSIS\system_stm32f3xx.o
                0x08001740                SystemInit
 .text.HAL_InitTick
                0x080017a8       0x48 Drivers\STM32F3xx_HAL_Driver\stm32f3xx_hal.o
                0x080017a8                HAL_InitTick
 .text.HAL_Init
                0x080017f0       0x24 Drivers\STM32F3xx_HAL_Driver\stm32f3xx_hal.o
                0x080017f0                HAL_Init
 .text.HAL_IncTick
                0x08001814       0x18 Drivers\STM32F3xx_HAL_Driver\stm32f3xx_hal.o
                0x08001814                HAL_IncTick
 .text.HAL_GetTick
                0x0800182c        0xc Drivers\STM32F3xx_HAL_Driver\stm32f3xx_hal.o
                0x0800182c                HAL_GetTick
 .text.HAL_NVIC_SetPriorityGrouping
                0x08001838       0x24 Drivers\STM32F3xx_HAL_Driver\stm32f3xx_hal_cortex.o
                0x08001838                HAL_NVIC_SetPriorityGrouping
 .text.HAL_NVIC_SetPriority
                0x0800185c       0x68 Drivers\STM32F3xx_HAL_Driver\stm32f3xx_hal_cortex.o
                0x0800185c                HAL_NVIC_SetPriority
 .text.HAL_NVIC_EnableIRQ
                0x080018c4       0x18 Drivers\STM32F3xx_HAL_Driver\stm32f3xx_hal_cortex.o
                0x080018c4                HAL_NVIC_EnableIRQ
 .text.HAL_SYSTICK_Config
                0x080018dc       0x2c Drivers\STM32F3xx_HAL_Driver\stm32f3xx_hal_cortex.o
                0x080018dc                HAL_SYSTICK_Config
 .text.HAL_SYSTICK_CLKSourceConfig
                0x08001908       0x18 Drivers\STM32F3xx_HAL_Driver\stm32f3xx_hal_cortex.o
                0x08001908                HAL_SYSTICK_CLKSourceConfig
 .text.HAL_SYSTICK_IRQHandler
                0x08001920        0x8 Drivers\STM32F3xx_HAL_Driver\stm32f3xx_hal_cortex.o
                0x08001920                HAL_SYSTICK_IRQHandler
 .text.HAL_GPIO_Init
                0x08001928      0x1a0 Drivers\STM32F3xx_HAL_Driver\stm32f3xx_hal_gpio.o
                0x08001928                HAL_GPIO_Init
 .text.HAL_GPIO_ReadPin
                0x08001ac8        0xc Drivers\STM32F3xx_HAL_Driver\stm32f3xx_hal_gpio.o
                0x08001ac8                HAL_GPIO_ReadPin
 .text.HAL_GPIO_WritePin
                0x08001ad4        0xa Drivers\STM32F3xx_HAL_Driver\stm32f3xx_hal_gpio.o
                0x08001ad4                HAL_GPIO_WritePin
 *fill*         0x08001ade        0x2 
 .text.HAL_GPIO_EXTI_IRQHandler
                0x08001ae0       0x18 Drivers\STM32F3xx_HAL_Driver\stm32f3xx_hal_gpio.o
                0x08001ae0                HAL_GPIO_EXTI_IRQHandler
 .text.I2C_Flush_TXDR
                0x08001af8       0x1c Drivers\STM32F3xx_HAL_Driver\stm32f3xx_hal_i2c.o
 .text.I2C_TransferConfig
                0x08001b14       0x34 Drivers\STM32F3xx_HAL_Driver\stm32f3xx_hal_i2c.o
 .text.I2C_WaitOnFlagUntilTimeout
                0x08001b48       0x4e Drivers\STM32F3xx_HAL_Driver\stm32f3xx_hal_i2c.o
 .text.I2C_IsAcknowledgeFailed
                0x08001b96       0x7a Drivers\STM32F3xx_HAL_Driver\stm32f3xx_hal_i2c.o
 .text.I2C_WaitOnTXISFlagUntilTimeout
                0x08001c10       0x52 Drivers\STM32F3xx_HAL_Driver\stm32f3xx_hal_i2c.o
 *fill*         0x08001c62        0x2 
 .text.I2C_RequestMemoryWrite
                0x08001c64       0x6c Drivers\STM32F3xx_HAL_Driver\stm32f3xx_hal_i2c.o
 .text.I2C_RequestMemoryRead
                0x08001cd0       0x68 Drivers\STM32F3xx_HAL_Driver\stm32f3xx_hal_i2c.o
 .text.I2C_WaitOnSTOPFlagUntilTimeout
                0x08001d38       0x4e Drivers\STM32F3xx_HAL_Driver\stm32f3xx_hal_i2c.o
 .text.HAL_I2C_Init
                0x08001d86       0xa2 Drivers\STM32F3xx_HAL_Driver\stm32f3xx_hal_i2c.o
                0x08001d86                HAL_I2C_Init
 .text.HAL_I2C_Mem_Write
                0x08001e28      0x170 Drivers\STM32F3xx_HAL_Driver\stm32f3xx_hal_i2c.o
                0x08001e28                HAL_I2C_Mem_Write
 .text.HAL_I2C_Mem_Read
                0x08001f98      0x17c Drivers\STM32F3xx_HAL_Driver\stm32f3xx_hal_i2c.o
                0x08001f98                HAL_I2C_Mem_Read
 .text.HAL_I2CEx_ConfigAnalogFilter
                0x08002114       0x4c Drivers\STM32F3xx_HAL_Driver\stm32f3xx_hal_i2c_ex.o
                0x08002114                HAL_I2CEx_ConfigAnalogFilter
 .text.HAL_I2CEx_ConfigDigitalFilter
                0x08002160       0x4a Drivers\STM32F3xx_HAL_Driver\stm32f3xx_hal_i2c_ex.o
                0x08002160                HAL_I2CEx_ConfigDigitalFilter
 .text.HAL_PWR_PVDCallback
                0x080021aa        0x2 Drivers\STM32F3xx_HAL_Driver\stm32f3xx_hal_pwr_ex.o
                0x080021aa                HAL_PWR_PVDCallback
 .text.HAL_PWR_PVD_IRQHandler
                0x080021ac       0x1c Drivers\STM32F3xx_HAL_Driver\stm32f3xx_hal_pwr_ex.o
                0x080021ac                HAL_PWR_PVD_IRQHandler
 .text.HAL_RCC_OscConfig
                0x080021c8      0x504 Drivers\STM32F3xx_HAL_Driver\stm32f3xx_hal_rcc.o
                0x080021c8                HAL_RCC_OscConfig
 .text.HAL_RCC_GetSysClockFreq
                0x080026cc       0x58 Drivers\STM32F3xx_HAL_Driver\stm32f3xx_hal_rcc.o
                0x080026cc                HAL_RCC_GetSysClockFreq
 .text.HAL_RCC_ClockConfig
                0x08002724      0x154 Drivers\STM32F3xx_HAL_Driver\stm32f3xx_hal_rcc.o
                0x08002724                HAL_RCC_ClockConfig
 .text.HAL_RCC_GetHCLKFreq
                0x08002878        0xc Drivers\STM32F3xx_HAL_Driver\stm32f3xx_hal_rcc.o
                0x08002878                HAL_RCC_GetHCLKFreq
 .text.HAL_RCC_GetPCLK1Freq
                0x08002884       0x30 Drivers\STM32F3xx_HAL_Driver\stm32f3xx_hal_rcc.o
                0x08002884                HAL_RCC_GetPCLK1Freq
 .text.HAL_RCC_GetPCLK2Freq
                0x080028b4       0x30 Drivers\STM32F3xx_HAL_Driver\stm32f3xx_hal_rcc.o
                0x080028b4                HAL_RCC_GetPCLK2Freq
 .text.HAL_RCCEx_PeriphCLKConfig
                0x080028e4      0x288 Drivers\STM32F3xx_HAL_Driver\stm32f3xx_hal_rcc_ex.o
                0x080028e4                HAL_RCCEx_PeriphCLKConfig
 .text.HAL_TIM_Base_Start
                0x08002b6c       0x1a Drivers\STM32F3xx_HAL_Driver\stm32f3xx_hal_tim.o
                0x08002b6c                HAL_TIM_Base_Start
 .text.HAL_TIM_Base_Start_IT
                0x08002b86       0x16 Drivers\STM32F3xx_HAL_Driver\stm32f3xx_hal_tim.o
                0x08002b86                HAL_TIM_Base_Start_IT
 .text.HAL_TIM_PWM_MspInit
                0x08002b9c        0x2 Drivers\STM32F3xx_HAL_Driver\stm32f3xx_hal_tim.o
                0x08002b9c                HAL_TIM_PWM_MspInit
 .text.HAL_TIM_OC_DelayElapsedCallback
                0x08002b9e        0x2 Drivers\STM32F3xx_HAL_Driver\stm32f3xx_hal_tim.o
                0x08002b9e                HAL_TIM_OC_DelayElapsedCallback
 .text.HAL_TIM_IC_CaptureCallback
                0x08002ba0        0x2 Drivers\STM32F3xx_HAL_Driver\stm32f3xx_hal_tim.o
                0x08002ba0                HAL_TIM_IC_CaptureCallback
 .text.HAL_TIM_PWM_PulseFinishedCallback
                0x08002ba2        0x2 Drivers\STM32F3xx_HAL_Driver\stm32f3xx_hal_tim.o
                0x08002ba2                HAL_TIM_PWM_PulseFinishedCallback
 .text.HAL_TIM_TriggerCallback
                0x08002ba4        0x2 Drivers\STM32F3xx_HAL_Driver\stm32f3xx_hal_tim.o
                0x08002ba4                HAL_TIM_TriggerCallback
 .text.HAL_TIM_IRQHandler
                0x08002ba6      0x160 Drivers\STM32F3xx_HAL_Driver\stm32f3xx_hal_tim.o
                0x08002ba6                HAL_TIM_IRQHandler
 *fill*         0x08002d06        0x2 
 .text.TIM_Base_SetConfig
                0x08002d08       0xd4 Drivers\STM32F3xx_HAL_Driver\stm32f3xx_hal_tim.o
                0x08002d08                TIM_Base_SetConfig
 .text.HAL_TIM_Base_Init
                0x08002ddc       0x34 Drivers\STM32F3xx_HAL_Driver\stm32f3xx_hal_tim.o
                0x08002ddc                HAL_TIM_Base_Init
 .text.HAL_TIM_PWM_Init
                0x08002e10       0x34 Drivers\STM32F3xx_HAL_Driver\stm32f3xx_hal_tim.o
                0x08002e10                HAL_TIM_PWM_Init
 .text.TIM_OC1_SetConfig
                0x08002e44       0xa8 Drivers\STM32F3xx_HAL_Driver\stm32f3xx_hal_tim.o
                0x08002e44                TIM_OC1_SetConfig
 .text.TIM_OC2_SetConfig
                0x08002eec       0x9c Drivers\STM32F3xx_HAL_Driver\stm32f3xx_hal_tim.o
                0x08002eec                TIM_OC2_SetConfig
 .text.TIM_OC3_SetConfig
                0x08002f88       0x98 Drivers\STM32F3xx_HAL_Driver\stm32f3xx_hal_tim.o
                0x08002f88                TIM_OC3_SetConfig
 .text.TIM_OC4_SetConfig
                0x08003020       0x70 Drivers\STM32F3xx_HAL_Driver\stm32f3xx_hal_tim.o
                0x08003020                TIM_OC4_SetConfig
 .text.TIM_ETR_SetConfig
                0x08003090       0x14 Drivers\STM32F3xx_HAL_Driver\stm32f3xx_hal_tim.o
                0x08003090                TIM_ETR_SetConfig
 .text.HAL_TIM_ConfigClockSource
                0x080030a4      0x16c Drivers\STM32F3xx_HAL_Driver\stm32f3xx_hal_tim.o
                0x080030a4                HAL_TIM_ConfigClockSource
 .text.TIM_CCxChannelCmd
                0x08003210       0x18 Drivers\STM32F3xx_HAL_Driver\stm32f3xx_hal_tim.o
                0x08003210                TIM_CCxChannelCmd
 .text.HAL_TIM_PWM_Start
                0x08003228       0x54 Drivers\STM32F3xx_HAL_Driver\stm32f3xx_hal_tim.o
                0x08003228                HAL_TIM_PWM_Start
 .text.TIM_OC5_SetConfig
                0x0800327c       0x70 Drivers\STM32F3xx_HAL_Driver\stm32f3xx_hal_tim_ex.o
 .text.TIM_OC6_SetConfig
                0x080032ec       0x70 Drivers\STM32F3xx_HAL_Driver\stm32f3xx_hal_tim_ex.o
 .text.HAL_TIM_PWM_ConfigChannel
                0x0800335c      0x10e Drivers\STM32F3xx_HAL_Driver\stm32f3xx_hal_tim_ex.o
                0x0800335c                HAL_TIM_PWM_ConfigChannel
 *fill*         0x0800346a        0x2 
 .text.HAL_TIMEx_MasterConfigSynchronization
                0x0800346c       0x54 Drivers\STM32F3xx_HAL_Driver\stm32f3xx_hal_tim_ex.o
                0x0800346c                HAL_TIMEx_MasterConfigSynchronization
 .text.HAL_TIMEx_CommutationCallback
                0x080034c0        0x2 Drivers\STM32F3xx_HAL_Driver\stm32f3xx_hal_tim_ex.o
                0x080034c0                HAL_TIMEx_CommutationCallback
 .text.HAL_TIMEx_BreakCallback
                0x080034c2        0x2 Drivers\STM32F3xx_HAL_Driver\stm32f3xx_hal_tim_ex.o
                0x080034c2                HAL_TIMEx_BreakCallback
 .text.HAL_TIMEx_Break2Callback
                0x080034c4        0x2 Drivers\STM32F3xx_HAL_Driver\stm32f3xx_hal_tim_ex.o
                0x080034c4                HAL_TIMEx_Break2Callback
 *fill*         0x080034c6        0x2 
 .text.UART_SetConfig
                0x080034c8      0x210 Drivers\STM32F3xx_HAL_Driver\stm32f3xx_hal_uart.o
                0x080034c8                UART_SetConfig
 .text.UART_AdvFeatureConfig
                0x080036d8       0xa8 Drivers\STM32F3xx_HAL_Driver\stm32f3xx_hal_uart.o
                0x080036d8                UART_AdvFeatureConfig
 .text.UART_WaitOnFlagUntilTimeout
                0x08003780       0x62 Drivers\STM32F3xx_HAL_Driver\stm32f3xx_hal_uart.o
                0x08003780                UART_WaitOnFlagUntilTimeout
 .text.UART_CheckIdleState
                0x080037e2       0x64 Drivers\STM32F3xx_HAL_Driver\stm32f3xx_hal_uart.o
                0x080037e2                UART_CheckIdleState
 .text.HAL_UART_Init
                0x08003846       0x64 Drivers\STM32F3xx_HAL_Driver\stm32f3xx_hal_uart.o
                0x08003846                HAL_UART_Init
 *fill*         0x080038aa        0x2 
 .text.__libc_init_array
                0x080038ac       0x48 c:/program files (x86)/atollic/truestudio for stm32 9.2.0/armtools/bin/../lib/gcc/arm-atollic-eabi/6.3.1/../../../../arm-atollic-eabi/lib/armv7e-m/fpu\libc_nano.a(lib_a-init.o)
                0x080038ac                __libc_init_array
 *(.glue_7)
 .glue_7        0x080038f4        0x0 linker stubs
 *(.glue_7t)
 .glue_7t       0x080038f4        0x0 linker stubs
 *(.eh_frame)
 .eh_frame      0x080038f4        0x0 c:/program files (x86)/atollic/truestudio for stm32 9.2.0/armtools/bin/../lib/gcc/arm-atollic-eabi/6.3.1/armv7e-m/fpu/crtbegin.o
 *(.init)
 .init          0x080038f4        0x4 c:/program files (x86)/atollic/truestudio for stm32 9.2.0/armtools/bin/../lib/gcc/arm-atollic-eabi/6.3.1/armv7e-m/fpu/crti.o
                0x080038f4                _init
 .init          0x080038f8        0x8 c:/program files (x86)/atollic/truestudio for stm32 9.2.0/armtools/bin/../lib/gcc/arm-atollic-eabi/6.3.1/armv7e-m/fpu/crtn.o
 *(.fini)
 .fini          0x08003900        0x4 c:/program files (x86)/atollic/truestudio for stm32 9.2.0/armtools/bin/../lib/gcc/arm-atollic-eabi/6.3.1/armv7e-m/fpu/crti.o
                0x08003900                _fini
 .fini          0x08003904        0x8 c:/program files (x86)/atollic/truestudio for stm32 9.2.0/armtools/bin/../lib/gcc/arm-atollic-eabi/6.3.1/armv7e-m/fpu/crtn.o
                0x0800390c                . = ALIGN (0x4)
                0x0800390c                _etext = .

.vfp11_veneer   0x0800390c        0x0
 .vfp11_veneer  0x0800390c        0x0 linker stubs

.v4_bx          0x0800390c        0x0
 .v4_bx         0x0800390c        0x0 linker stubs

.iplt           0x0800390c        0x0
 .iplt          0x0800390c        0x0 c:/program files (x86)/atollic/truestudio for stm32 9.2.0/armtools/bin/../lib/gcc/arm-atollic-eabi/6.3.1/armv7e-m/fpu/crtbegin.o

.rodata         0x0800390c       0x3c
                0x0800390c                . = ALIGN (0x4)
 *(.rodata)
 *(.rodata*)
 .rodata.AHBPrescTable
                0x0800390c       0x10 Drivers\CMSIS\system_stm32f3xx.o
                0x0800390c                AHBPrescTable
 .rodata.APBPrescTable
                0x0800391c        0x8 Drivers\CMSIS\system_stm32f3xx.o
                0x0800391c                APBPrescTable
 .rodata.aPLLMULFactorTable
                0x08003924       0x10 Drivers\STM32F3xx_HAL_Driver\stm32f3xx_hal_rcc.o
                0x08003924                aPLLMULFactorTable
 .rodata.aPredivFactorTable
                0x08003934       0x10 Drivers\STM32F3xx_HAL_Driver\stm32f3xx_hal_rcc.o
                0x08003934                aPredivFactorTable
 .rodata.CSWTCH.45
                0x08003944        0x4 Drivers\STM32F3xx_HAL_Driver\stm32f3xx_hal_uart.o
                0x08003948                . = ALIGN (0x4)

.rel.dyn        0x08003948        0x0
 .rel.iplt      0x08003948        0x0 c:/program files (x86)/atollic/truestudio for stm32 9.2.0/armtools/bin/../lib/gcc/arm-atollic-eabi/6.3.1/armv7e-m/fpu/crtbegin.o

.ARM.extab
 *(.ARM.extab* .gnu.linkonce.armextab.*)

.ARM            0x08003948        0x0
                0x08003948                __exidx_start = .
 *(.ARM.exidx*)
                0x08003948                __exidx_end = .

.preinit_array  0x08003948        0x0
                0x08003948                PROVIDE (__preinit_array_start, .)
 *(.preinit_array*)
                0x08003948                PROVIDE (__preinit_array_end, .)

.init_array     0x08003948        0x4
                0x08003948                PROVIDE (__init_array_start, .)
 *(SORT(.init_array.*))
 *(.init_array*)
 .init_array    0x08003948        0x4 c:/program files (x86)/atollic/truestudio for stm32 9.2.0/armtools/bin/../lib/gcc/arm-atollic-eabi/6.3.1/armv7e-m/fpu/crtbegin.o
                0x0800394c                PROVIDE (__init_array_end, .)

.fini_array     0x0800394c        0x4
                [!provide]                PROVIDE (__fini_array_start, .)
 *(SORT(.fini_array.*))
 *(.fini_array*)
 .fini_array    0x0800394c        0x4 c:/program files (x86)/atollic/truestudio for stm32 9.2.0/armtools/bin/../lib/gcc/arm-atollic-eabi/6.3.1/armv7e-m/fpu/crtbegin.o
                [!provide]                PROVIDE (__fini_array_end, .)
                0x08003950                _sidata = LOADADDR (.data)

.data           0x20000000       0x1c load address 0x08003950
                0x20000000                . = ALIGN (0x4)
                0x20000000                _sdata = .
 *(.data)
 *(.data*)
 .data.forward  0x20000000        0x4 Application\User\main.o
                0x20000000                forward
 .data.kd       0x20000004        0x4 Application\User\main.o
                0x20000004                kd
 .data.ki       0x20000008        0x4 Application\User\main.o
                0x20000008                ki
 .data.kp       0x2000000c        0x4 Application\User\main.o
                0x2000000c                kp
 .data.SystemCoreClock
                0x20000010        0x4 Drivers\CMSIS\system_stm32f3xx.o
                0x20000010                SystemCoreClock
 .data.uwTickFreq
                0x20000014        0x1 Drivers\STM32F3xx_HAL_Driver\stm32f3xx_hal.o
                0x20000014                uwTickFreq
 *fill*         0x20000015        0x3 
 .data.uwTickPrio
                0x20000018        0x4 Drivers\STM32F3xx_HAL_Driver\stm32f3xx_hal.o
                0x20000018                uwTickPrio
                0x2000001c                . = ALIGN (0x4)
                0x2000001c                _edata = .
                0x0800396c                _siccmram = LOADADDR (.ccmram)

.igot.plt       0x2000001c        0x0 load address 0x0800396c
 .igot.plt      0x2000001c        0x0 c:/program files (x86)/atollic/truestudio for stm32 9.2.0/armtools/bin/../lib/gcc/arm-atollic-eabi/6.3.1/armv7e-m/fpu/crtbegin.o

.ccmram         0x10000000        0x0 load address 0x0800396c
                0x10000000                . = ALIGN (0x4)
                0x10000000                _sccmram = .
 *(.ccmram)
 *(.ccmram*)
                0x10000000                . = ALIGN (0x4)
                0x10000000                _eccmram = .
                0x10000000                . = ALIGN (0x4)

.bss            0x2000001c      0x27c
                0x2000001c                _sbss = .
                0x2000001c                __bss_start__ = _sbss
 *(.bss)
 .bss           0x2000001c       0x1c c:/program files (x86)/atollic/truestudio for stm32 9.2.0/armtools/bin/../lib/gcc/arm-atollic-eabi/6.3.1/armv7e-m/fpu/crtbegin.o
 *(.bss*)
 .bss.DataX1    0x20000038        0x1 Application\User\main.o
                0x20000038                DataX1
 .bss.DataX2    0x20000039        0x1 Application\User\main.o
                0x20000039                DataX2
 .bss.Xaxis     0x2000003a        0x2 Application\User\main.o
                0x2000003a                Xaxis
 .bss.angle     0x2000003c        0x4 Application\User\main.o
                0x2000003c                angle
 .bss.e         0x20000040        0x4 Application\User\main.o
                0x20000040                e
 .bss.e_last    0x20000044        0x4 Application\User\main.o
                0x20000044                e_last
 .bss.e_sum     0x20000048        0x4 Application\User\main.o
                0x20000048                e_sum
 .bss.i.9498    0x2000004c        0x2 Application\User\main.o
 .bss.i.9505    0x2000004e        0x2 Application\User\main.o
 .bss.j.9506    0x20000050        0x2 Application\User\main.o
 .bss.k.9507    0x20000052        0x2 Application\User\main.o
 .bss.left      0x20000054        0x4 Application\User\main.o
                0x20000054                left
 .bss.main_angle
                0x20000058        0x4 Application\User\main.o
                0x20000058                main_angle
 .bss.srednia1  0x2000005c        0x4 Application\User\main.o
                0x2000005c                srednia1
 .bss.srednia2  0x20000060        0x4 Application\User\main.o
                0x20000060                srednia2
 .bss.srednia3  0x20000064        0x4 Application\User\main.o
                0x20000064                srednia3
 .bss.u         0x20000068        0x4 Application\User\main.o
                0x20000068                u
 *(COMMON)
 COMMON         0x2000006c      0x228 Application\User\main.o
                0x2000006c                odleglosc2
                0x20000070                hi2c1
                0x200000bc                htim17
                0x200000fc                whoami
                0x20000100                dystans3
                0x20000104                odleglosc3
                0x20000108                Xw
                0x2000010c                time1
                0x20000110                htim6
                0x20000150                dystans1
                0x20000154                odleglosc1
                0x20000158                dystans2
                0x2000015c                time3
                0x20000160                htim2
                0x200001a0                huart2
                0x20000210                htim16
                0x20000250                time2
                0x20000254                htim7
 COMMON         0x20000294        0x4 Drivers\STM32F3xx_HAL_Driver\stm32f3xx_hal.o
                0x20000294                uwTick
                0x20000298                . = ALIGN (0x4)
                0x20000298                _ebss = .
                0x20000298                __bss_end__ = _ebss

._user_heap_stack
                0x20000298      0x600
                0x20000298                . = ALIGN (0x4)
                [!provide]                PROVIDE (end, .)
                [!provide]                PROVIDE (_end, .)
                0x20000498                . = (. + _Min_Heap_Size)
 *fill*         0x20000298      0x200 
                0x20000898                . = (. + _Min_Stack_Size)
 *fill*         0x20000498      0x400 
                0x20000898                . = ALIGN (0x4)

/DISCARD/
 libc.a(*)
 libm.a(*)
 libgcc.a(*)

.ARM.attributes
                0x00000000       0x30
 *(.ARM.attributes)
 .ARM.attributes
                0x00000000       0x22 c:/program files (x86)/atollic/truestudio for stm32 9.2.0/armtools/bin/../lib/gcc/arm-atollic-eabi/6.3.1/armv7e-m/fpu/crti.o
 .ARM.attributes
                0x00000022       0x34 c:/program files (x86)/atollic/truestudio for stm32 9.2.0/armtools/bin/../lib/gcc/arm-atollic-eabi/6.3.1/armv7e-m/fpu/crtbegin.o
 .ARM.attributes
                0x00000056       0x21 Application\TrueSTUDIO\startup_stm32f303xe.o
 .ARM.attributes
                0x00000077       0x39 Application\User\main.o
 .ARM.attributes
                0x000000b0       0x39 Application\User\stm32f3xx_hal_msp.o
 .ARM.attributes
                0x000000e9       0x39 Application\User\stm32f3xx_it.o
 .ARM.attributes
                0x00000122       0x39 Drivers\CMSIS\system_stm32f3xx.o
 .ARM.attributes
                0x0000015b       0x39 Drivers\STM32F3xx_HAL_Driver\stm32f3xx_hal.o
 .ARM.attributes
                0x00000194       0x39 Drivers\STM32F3xx_HAL_Driver\stm32f3xx_hal_cortex.o
 .ARM.attributes
                0x000001cd       0x39 Drivers\STM32F3xx_HAL_Driver\stm32f3xx_hal_gpio.o
 .ARM.attributes
                0x00000206       0x39 Drivers\STM32F3xx_HAL_Driver\stm32f3xx_hal_i2c.o
 .ARM.attributes
                0x0000023f       0x39 Drivers\STM32F3xx_HAL_Driver\stm32f3xx_hal_i2c_ex.o
 .ARM.attributes
                0x00000278       0x39 Drivers\STM32F3xx_HAL_Driver\stm32f3xx_hal_pwr_ex.o
 .ARM.attributes
                0x000002b1       0x39 Drivers\STM32F3xx_HAL_Driver\stm32f3xx_hal_rcc.o
 .ARM.attributes
                0x000002ea       0x39 Drivers\STM32F3xx_HAL_Driver\stm32f3xx_hal_rcc_ex.o
 .ARM.attributes
                0x00000323       0x39 Drivers\STM32F3xx_HAL_Driver\stm32f3xx_hal_tim.o
 .ARM.attributes
                0x0000035c       0x39 Drivers\STM32F3xx_HAL_Driver\stm32f3xx_hal_tim_ex.o
 .ARM.attributes
                0x00000395       0x39 Drivers\STM32F3xx_HAL_Driver\stm32f3xx_hal_uart.o
 .ARM.attributes
                0x000003ce       0x34 c:/program files (x86)/atollic/truestudio for stm32 9.2.0/armtools/bin/../lib/gcc/arm-atollic-eabi/6.3.1/../../../../arm-atollic-eabi/lib/armv7e-m/fpu\libc_nano.a(lib_a-init.o)
 .ARM.attributes
                0x00000402       0x22 c:/program files (x86)/atollic/truestudio for stm32 9.2.0/armtools/bin/../lib/gcc/arm-atollic-eabi/6.3.1/armv7e-m/fpu\libgcc.a(_arm_addsubdf3.o)
 .ARM.attributes
                0x00000424       0x22 c:/program files (x86)/atollic/truestudio for stm32 9.2.0/armtools/bin/../lib/gcc/arm-atollic-eabi/6.3.1/armv7e-m/fpu\libgcc.a(_arm_muldivdf3.o)
 .ARM.attributes
                0x00000446       0x22 c:/program files (x86)/atollic/truestudio for stm32 9.2.0/armtools/bin/../lib/gcc/arm-atollic-eabi/6.3.1/armv7e-m/fpu\libgcc.a(_arm_cmpdf2.o)
 .ARM.attributes
                0x00000468       0x22 c:/program files (x86)/atollic/truestudio for stm32 9.2.0/armtools/bin/../lib/gcc/arm-atollic-eabi/6.3.1/armv7e-m/fpu\libgcc.a(_arm_truncdfsf2.o)
 .ARM.attributes
                0x0000048a       0x22 c:/program files (x86)/atollic/truestudio for stm32 9.2.0/armtools/bin/../lib/gcc/arm-atollic-eabi/6.3.1/armv7e-m/fpu/crtn.o
OUTPUT(Micromouse v1.elf elf32-littlearm)

.debug_line     0x00000000     0x7512
 .debug_line    0x00000000       0x7a Application\TrueSTUDIO\startup_stm32f303xe.o
 .debug_line    0x0000007a      0x67b Application\User\main.o
 .debug_line    0x000006f5      0x43e Application\User\stm32f3xx_hal_msp.o
 .debug_line    0x00000b33      0x3f9 Application\User\stm32f3xx_it.o
 .debug_line    0x00000f2c      0x2c1 Drivers\CMSIS\system_stm32f3xx.o
 .debug_line    0x000011ed      0x495 Drivers\STM32F3xx_HAL_Driver\stm32f3xx_hal.o
 .debug_line    0x00001682      0x4f3 Drivers\STM32F3xx_HAL_Driver\stm32f3xx_hal_cortex.o
 .debug_line    0x00001b75      0x49b Drivers\STM32F3xx_HAL_Driver\stm32f3xx_hal_gpio.o
 .debug_line    0x00002010     0x15d8 Drivers\STM32F3xx_HAL_Driver\stm32f3xx_hal_i2c.o
 .debug_line    0x000035e8      0x41c Drivers\STM32F3xx_HAL_Driver\stm32f3xx_hal_i2c_ex.o
 .debug_line    0x00003a04      0x32c Drivers\STM32F3xx_HAL_Driver\stm32f3xx_hal_pwr_ex.o
 .debug_line    0x00003d30      0x8b2 Drivers\STM32F3xx_HAL_Driver\stm32f3xx_hal_rcc.o
 .debug_line    0x000045e2      0x5ae Drivers\STM32F3xx_HAL_Driver\stm32f3xx_hal_rcc_ex.o
 .debug_line    0x00004b90     0x12f2 Drivers\STM32F3xx_HAL_Driver\stm32f3xx_hal_tim.o
 .debug_line    0x00005e82      0x91c Drivers\STM32F3xx_HAL_Driver\stm32f3xx_hal_tim_ex.o
 .debug_line    0x0000679e      0xd74 Drivers\STM32F3xx_HAL_Driver\stm32f3xx_hal_uart.o

.debug_info     0x00000000    0x19a5b
 .debug_info    0x00000000       0x8d Application\TrueSTUDIO\startup_stm32f303xe.o
 .debug_info    0x0000008d     0x2956 Application\User\main.o
 .debug_info    0x000029e3     0x1c92 Application\User\stm32f3xx_hal_msp.o
 .debug_info    0x00004675     0x104b Application\User\stm32f3xx_it.o
 .debug_info    0x000056c0      0xc74 Drivers\CMSIS\system_stm32f3xx.o
 .debug_info    0x00006334     0x10e4 Drivers\STM32F3xx_HAL_Driver\stm32f3xx_hal.o
 .debug_info    0x00007418     0x1732 Drivers\STM32F3xx_HAL_Driver\stm32f3xx_hal_cortex.o
 .debug_info    0x00008b4a      0xfec Drivers\STM32F3xx_HAL_Driver\stm32f3xx_hal_gpio.o
 .debug_info    0x00009b36     0x3965 Drivers\STM32F3xx_HAL_Driver\stm32f3xx_hal_i2c.o
 .debug_info    0x0000d49b     0x11a2 Drivers\STM32F3xx_HAL_Driver\stm32f3xx_hal_i2c_ex.o
 .debug_info    0x0000e63d      0xb44 Drivers\STM32F3xx_HAL_Driver\stm32f3xx_hal_pwr_ex.o
 .debug_info    0x0000f181     0x1bc3 Drivers\STM32F3xx_HAL_Driver\stm32f3xx_hal_rcc.o
 .debug_info    0x00010d44      0xfa7 Drivers\STM32F3xx_HAL_Driver\stm32f3xx_hal_rcc_ex.o
 .debug_info    0x00011ceb     0x3d64 Drivers\STM32F3xx_HAL_Driver\stm32f3xx_hal_tim.o
 .debug_info    0x00015a4f     0x1d97 Drivers\STM32F3xx_HAL_Driver\stm32f3xx_hal_tim_ex.o
 .debug_info    0x000177e6     0x2275 Drivers\STM32F3xx_HAL_Driver\stm32f3xx_hal_uart.o

.debug_abbrev   0x00000000     0x2baf
 .debug_abbrev  0x00000000       0x12 Application\TrueSTUDIO\startup_stm32f303xe.o
 .debug_abbrev  0x00000012      0x3a9 Application\User\main.o
 .debug_abbrev  0x000003bb      0x27d Application\User\stm32f3xx_hal_msp.o
 .debug_abbrev  0x00000638      0x254 Application\User\stm32f3xx_it.o
 .debug_abbrev  0x0000088c      0x1e2 Drivers\CMSIS\system_stm32f3xx.o
 .debug_abbrev  0x00000a6e      0x2f5 Drivers\STM32F3xx_HAL_Driver\stm32f3xx_hal.o
 .debug_abbrev  0x00000d63      0x37d Drivers\STM32F3xx_HAL_Driver\stm32f3xx_hal_cortex.o
 .debug_abbrev  0x000010e0      0x268 Drivers\STM32F3xx_HAL_Driver\stm32f3xx_hal_gpio.o
 .debug_abbrev  0x00001348      0x3b8 Drivers\STM32F3xx_HAL_Driver\stm32f3xx_hal_i2c.o
 .debug_abbrev  0x00001700      0x218 Drivers\STM32F3xx_HAL_Driver\stm32f3xx_hal_i2c_ex.o
 .debug_abbrev  0x00001918      0x1da Drivers\STM32F3xx_HAL_Driver\stm32f3xx_hal_pwr_ex.o
 .debug_abbrev  0x00001af2      0x358 Drivers\STM32F3xx_HAL_Driver\stm32f3xx_hal_rcc.o
 .debug_abbrev  0x00001e4a      0x329 Drivers\STM32F3xx_HAL_Driver\stm32f3xx_hal_rcc_ex.o
 .debug_abbrev  0x00002173      0x3ab Drivers\STM32F3xx_HAL_Driver\stm32f3xx_hal_tim.o
 .debug_abbrev  0x0000251e      0x30d Drivers\STM32F3xx_HAL_Driver\stm32f3xx_hal_tim_ex.o
 .debug_abbrev  0x0000282b      0x384 Drivers\STM32F3xx_HAL_Driver\stm32f3xx_hal_uart.o

.debug_aranges  0x00000000      0xbc0
 .debug_aranges
                0x00000000       0x28 Application\TrueSTUDIO\startup_stm32f303xe.o
 .debug_aranges
                0x00000028       0x48 Application\User\main.o
 .debug_aranges
                0x00000070       0x58 Application\User\stm32f3xx_hal_msp.o
 .debug_aranges
                0x000000c8       0x88 Application\User\stm32f3xx_it.o
 .debug_aranges
                0x00000150       0x28 Drivers\CMSIS\system_stm32f3xx.o
 .debug_aranges
                0x00000178       0xd8 Drivers\STM32F3xx_HAL_Driver\stm32f3xx_hal.o
 .debug_aranges
                0x00000250       0xa8 Drivers\STM32F3xx_HAL_Driver\stm32f3xx_hal_cortex.o
 .debug_aranges
                0x000002f8       0x58 Drivers\STM32F3xx_HAL_Driver\stm32f3xx_hal_gpio.o
 .debug_aranges
                0x00000350      0x200 Drivers\STM32F3xx_HAL_Driver\stm32f3xx_hal_i2c.o
 .debug_aranges
                0x00000550       0x48 Drivers\STM32F3xx_HAL_Driver\stm32f3xx_hal_i2c_ex.o
 .debug_aranges
                0x00000598       0x40 Drivers\STM32F3xx_HAL_Driver\stm32f3xx_hal_pwr_ex.o
 .debug_aranges
                0x000005d8       0x88 Drivers\STM32F3xx_HAL_Driver\stm32f3xx_hal_rcc.o
 .debug_aranges
                0x00000660       0x38 Drivers\STM32F3xx_HAL_Driver\stm32f3xx_hal_rcc_ex.o
 .debug_aranges
                0x00000698      0x268 Drivers\STM32F3xx_HAL_Driver\stm32f3xx_hal_tim.o
 .debug_aranges
                0x00000900      0x120 Drivers\STM32F3xx_HAL_Driver\stm32f3xx_hal_tim_ex.o
 .debug_aranges
                0x00000a20      0x1a0 Drivers\STM32F3xx_HAL_Driver\stm32f3xx_hal_uart.o

.debug_ranges   0x00000000     0x1028
 .debug_ranges  0x00000000       0x20 Application\TrueSTUDIO\startup_stm32f303xe.o
 .debug_ranges  0x00000020       0x98 Application\User\main.o
 .debug_ranges  0x000000b8      0x110 Application\User\stm32f3xx_hal_msp.o
 .debug_ranges  0x000001c8       0x78 Application\User\stm32f3xx_it.o
 .debug_ranges  0x00000240       0x18 Drivers\CMSIS\system_stm32f3xx.o
 .debug_ranges  0x00000258       0xc8 Drivers\STM32F3xx_HAL_Driver\stm32f3xx_hal.o
 .debug_ranges  0x00000320      0x138 Drivers\STM32F3xx_HAL_Driver\stm32f3xx_hal_cortex.o
 .debug_ranges  0x00000458       0x68 Drivers\STM32F3xx_HAL_Driver\stm32f3xx_hal_gpio.o
 .debug_ranges  0x000004c0      0x268 Drivers\STM32F3xx_HAL_Driver\stm32f3xx_hal_i2c.o
 .debug_ranges  0x00000728       0x68 Drivers\STM32F3xx_HAL_Driver\stm32f3xx_hal_i2c_ex.o
 .debug_ranges  0x00000790       0x30 Drivers\STM32F3xx_HAL_Driver\stm32f3xx_hal_pwr_ex.o
 .debug_ranges  0x000007c0      0x1f0 Drivers\STM32F3xx_HAL_Driver\stm32f3xx_hal_rcc.o
 .debug_ranges  0x000009b0       0x90 Drivers\STM32F3xx_HAL_Driver\stm32f3xx_hal_rcc_ex.o
 .debug_ranges  0x00000a40      0x348 Drivers\STM32F3xx_HAL_Driver\stm32f3xx_hal_tim.o
 .debug_ranges  0x00000d88      0x110 Drivers\STM32F3xx_HAL_Driver\stm32f3xx_hal_tim_ex.o
 .debug_ranges  0x00000e98      0x190 Drivers\STM32F3xx_HAL_Driver\stm32f3xx_hal_uart.o

.debug_loc      0x00000000     0xa546
 .debug_loc     0x00000000       0xc6 Application\User\main.o
 .debug_loc     0x000000c6      0x1b7 Application\User\stm32f3xx_hal_msp.o
 .debug_loc     0x0000027d       0xf5 Drivers\CMSIS\system_stm32f3xx.o
 .debug_loc     0x00000372      0x11b Drivers\STM32F3xx_HAL_Driver\stm32f3xx_hal.o
 .debug_loc     0x0000048d      0x4fb Drivers\STM32F3xx_HAL_Driver\stm32f3xx_hal_cortex.o
 .debug_loc     0x00000988      0x2b7 Drivers\STM32F3xx_HAL_Driver\stm32f3xx_hal_gpio.o
 .debug_loc     0x00000c3f     0x30e5 Drivers\STM32F3xx_HAL_Driver\stm32f3xx_hal_i2c.o
 .debug_loc     0x00003d24      0x1b8 Drivers\STM32F3xx_HAL_Driver\stm32f3xx_hal_i2c_ex.o
 .debug_loc     0x00003edc       0x21 Drivers\STM32F3xx_HAL_Driver\stm32f3xx_hal_pwr_ex.o
 .debug_loc     0x00003efd      0x962 Drivers\STM32F3xx_HAL_Driver\stm32f3xx_hal_rcc.o
 .debug_loc     0x0000485f      0x858 Drivers\STM32F3xx_HAL_Driver\stm32f3xx_hal_rcc_ex.o
 .debug_loc     0x000050b7     0x31c6 Drivers\STM32F3xx_HAL_Driver\stm32f3xx_hal_tim.o
 .debug_loc     0x0000827d      0xe98 Drivers\STM32F3xx_HAL_Driver\stm32f3xx_hal_tim_ex.o
 .debug_loc     0x00009115     0x1431 Drivers\STM32F3xx_HAL_Driver\stm32f3xx_hal_uart.o

.debug_str      0x00000000     0x4a18
 .debug_str     0x00000000     0x1cce Application\User\main.o
                               0x1e09 (size before relaxing)
 .debug_str     0x00001cce       0xf5 Application\User\stm32f3xx_hal_msp.o
                               0x167f (size before relaxing)
 .debug_str     0x00001dc3      0x1a2 Application\User\stm32f3xx_it.o
                                0xc61 (size before relaxing)
 .debug_str     0x00001f65       0xbe Drivers\CMSIS\system_stm32f3xx.o
                                0x7d1 (size before relaxing)
 .debug_str     0x00002023      0x252 Drivers\STM32F3xx_HAL_Driver\stm32f3xx_hal.o
                                0xeb7 (size before relaxing)
 .debug_str     0x00002275      0x31f Drivers\STM32F3xx_HAL_Driver\stm32f3xx_hal_cortex.o
                               0x10d5 (size before relaxing)
 .debug_str     0x00002594      0x144 Drivers\STM32F3xx_HAL_Driver\stm32f3xx_hal_gpio.o
                                0x9ed (size before relaxing)
 .debug_str     0x000026d8      0x790 Drivers\STM32F3xx_HAL_Driver\stm32f3xx_hal_i2c.o
                               0x13a9 (size before relaxing)
 .debug_str     0x00002e68       0xbe Drivers\STM32F3xx_HAL_Driver\stm32f3xx_hal_i2c_ex.o
                                0xd99 (size before relaxing)
 .debug_str     0x00002f26       0xbb Drivers\STM32F3xx_HAL_Driver\stm32f3xx_hal_pwr_ex.o
                                0x7eb (size before relaxing)
 .debug_str     0x00002fe1      0x1ba Drivers\STM32F3xx_HAL_Driver\stm32f3xx_hal_rcc.o
                                0xb4c (size before relaxing)
 .debug_str     0x0000319b       0xc4 Drivers\STM32F3xx_HAL_Driver\stm32f3xx_hal_rcc_ex.o
                                0xae0 (size before relaxing)
 .debug_str     0x0000325f      0xc18 Drivers\STM32F3xx_HAL_Driver\stm32f3xx_hal_tim.o
                               0x18f1 (size before relaxing)
 .debug_str     0x00003e77      0x524 Drivers\STM32F3xx_HAL_Driver\stm32f3xx_hal_tim_ex.o
                               0x132c (size before relaxing)
 .debug_str     0x0000439b      0x67d Drivers\STM32F3xx_HAL_Driver\stm32f3xx_hal_uart.o
                               0x1369 (size before relaxing)

.comment        0x00000000       0x7c
 .comment       0x00000000       0x7c Application\User\main.o
                                 0x7d (size before relaxing)
 .comment       0x0000007c       0x7d Application\User\stm32f3xx_hal_msp.o
 .comment       0x0000007c       0x7d Application\User\stm32f3xx_it.o
 .comment       0x0000007c       0x7d Drivers\CMSIS\system_stm32f3xx.o
 .comment       0x0000007c       0x7d Drivers\STM32F3xx_HAL_Driver\stm32f3xx_hal.o
 .comment       0x0000007c       0x7d Drivers\STM32F3xx_HAL_Driver\stm32f3xx_hal_cortex.o
 .comment       0x0000007c       0x7d Drivers\STM32F3xx_HAL_Driver\stm32f3xx_hal_gpio.o
 .comment       0x0000007c       0x7d Drivers\STM32F3xx_HAL_Driver\stm32f3xx_hal_i2c.o
 .comment       0x0000007c       0x7d Drivers\STM32F3xx_HAL_Driver\stm32f3xx_hal_i2c_ex.o
 .comment       0x0000007c       0x7d Drivers\STM32F3xx_HAL_Driver\stm32f3xx_hal_pwr_ex.o
 .comment       0x0000007c       0x7d Drivers\STM32F3xx_HAL_Driver\stm32f3xx_hal_rcc.o
 .comment       0x0000007c       0x7d Drivers\STM32F3xx_HAL_Driver\stm32f3xx_hal_rcc_ex.o
 .comment       0x0000007c       0x7d Drivers\STM32F3xx_HAL_Driver\stm32f3xx_hal_tim.o
 .comment       0x0000007c       0x7d Drivers\STM32F3xx_HAL_Driver\stm32f3xx_hal_tim_ex.o
 .comment       0x0000007c       0x7d Drivers\STM32F3xx_HAL_Driver\stm32f3xx_hal_uart.o

.debug_frame    0x00000000     0x261c
 .debug_frame   0x00000000       0xd8 Application\User\main.o
 .debug_frame   0x000000d8       0xdc Application\User\stm32f3xx_hal_msp.o
 .debug_frame   0x000001b4      0x12c Application\User\stm32f3xx_it.o
 .debug_frame   0x000002e0       0x38 Drivers\CMSIS\system_stm32f3xx.o
 .debug_frame   0x00000318      0x1d0 Drivers\STM32F3xx_HAL_Driver\stm32f3xx_hal.o
 .debug_frame   0x000004e8      0x158 Drivers\STM32F3xx_HAL_Driver\stm32f3xx_hal_cortex.o
 .debug_frame   0x00000640       0xd8 Drivers\STM32F3xx_HAL_Driver\stm32f3xx_hal_gpio.o
 .debug_frame   0x00000718      0x804 Drivers\STM32F3xx_HAL_Driver\stm32f3xx_hal_i2c.o
 .debug_frame   0x00000f1c       0x90 Drivers\STM32F3xx_HAL_Driver\stm32f3xx_hal_i2c_ex.o
 .debug_frame   0x00000fac       0x68 Drivers\STM32F3xx_HAL_Driver\stm32f3xx_hal_pwr_ex.o
 .debug_frame   0x00001014      0x144 Drivers\STM32F3xx_HAL_Driver\stm32f3xx_hal_rcc.o
 .debug_frame   0x00001158       0xb8 Drivers\STM32F3xx_HAL_Driver\stm32f3xx_hal_rcc_ex.o
 .debug_frame   0x00001210      0x8b0 Drivers\STM32F3xx_HAL_Driver\stm32f3xx_hal_tim.o
 .debug_frame   0x00001ac0      0x3e4 Drivers\STM32F3xx_HAL_Driver\stm32f3xx_hal_tim_ex.o
 .debug_frame   0x00001ea4      0x568 Drivers\STM32F3xx_HAL_Driver\stm32f3xx_hal_uart.o
 .debug_frame   0x0000240c       0x2c c:/program files (x86)/atollic/truestudio for stm32 9.2.0/armtools/bin/../lib/gcc/arm-atollic-eabi/6.3.1/../../../../arm-atollic-eabi/lib/armv7e-m/fpu\libc_nano.a(lib_a-init.o)
 .debug_frame   0x00002438       0xac c:/program files (x86)/atollic/truestudio for stm32 9.2.0/armtools/bin/../lib/gcc/arm-atollic-eabi/6.3.1/armv7e-m/fpu\libgcc.a(_arm_addsubdf3.o)
 .debug_frame   0x000024e4       0x50 c:/program files (x86)/atollic/truestudio for stm32 9.2.0/armtools/bin/../lib/gcc/arm-atollic-eabi/6.3.1/armv7e-m/fpu\libgcc.a(_arm_muldivdf3.o)
 .debug_frame   0x00002534       0xc4 c:/program files (x86)/atollic/truestudio for stm32 9.2.0/armtools/bin/../lib/gcc/arm-atollic-eabi/6.3.1/armv7e-m/fpu\libgcc.a(_arm_cmpdf2.o)
 .debug_frame   0x000025f8       0x24 c:/program files (x86)/atollic/truestudio for stm32 9.2.0/armtools/bin/../lib/gcc/arm-atollic-eabi/6.3.1/armv7e-m/fpu\libgcc.a(_arm_truncdfsf2.o)
